<?xml version="1.0" encoding="utf-8"?><testsuites name="pytest tests"><testsuite name="pytest" errors="0" failures="0" skipped="0" tests="13" time="0.070" timestamp="2026-01-28T16:52:48.246578+00:00" hostname="runnervmymu0l"><testcase classname="openmmdl.tests.openmmdl_simulation.openmmdlsimulation_test.TestCopyFileIfExists" name="test_copy_existing_file" time="0.001" /><testcase classname="openmmdl.tests.openmmdl_simulation.openmmdlsimulation_test.TestCopyFileIfExists" name="test_copy_nonexistent_file" time="0.001" /><testcase classname="openmmdl.tests.openmmdl_simulation.openmmdlsimulation_test.TestCopyFileIfExists" name="test_copy_none_file" time="0.001" /><testcase classname="openmmdl.tests.openmmdl_simulation.openmmdlsimulation_test.TestValidateFileFormat" name="test_valid_format_pdb" time="0.000" /><testcase classname="openmmdl.tests.openmmdl_simulation.openmmdlsimulation_test.TestValidateFileFormat" name="test_valid_format_prmtop" time="0.000" /><testcase classname="openmmdl.tests.openmmdl_simulation.openmmdlsimulation_test.TestValidateFileFormat" name="test_invalid_format" time="0.000" /><testcase classname="openmmdl.tests.openmmdl_simulation.openmmdlsimulation_test.TestValidateFileFormat" name="test_validate_none_file" time="0.000" /><testcase classname="openmmdl.tests.openmmdl_simulation.openmmdlsimulation_test.TestValidateFileFormat" name="test_valid_checkpoint_format" time="0.000" /><testcase classname="openmmdl.tests.openmmdl_simulation.openmmdlsimulation_test.TestValidateFileFormat" name="test_valid_dcd_format" time="0.000" /><testcase classname="openmmdl.tests.openmmdl_simulation.openmmdlsimulation_test.TestMainRestartValidation" name="test_restart_requires_checkpoint" time="0.002" /><testcase classname="openmmdl.tests.openmmdl_simulation.openmmdlsimulation_test.TestMainRestartValidation" name="test_restart_requires_restart_step" time="0.001" /><testcase classname="openmmdl.tests.openmmdl_simulation.openmmdlsimulation_test.TestRestartConfigFile" name="test_restart_config_file_created" time="0.020" /><testcase classname="openmmdl.tests.openmmdl_simulation.openmmdlsimulation_test.TestFolderPreservation" name="test_normal_mode_recreates_folder" time="0.002" /></testsuite></testsuites>